top.donmor.tiddloid
top.fumiama.copymanga
top.linesoft.open2share
town.robin.toadua
tranquvis.simplesmsremote
trikita.obsqr
trikita.slide
trikita.talalarmo
tritop.android.SLWTrafficMeterWidget
tritop.androidSLWCpuWidget
troop.com.freedcam
truewatcher.tower
tube.chikichiki.sako
tv.piratemedia.lightcontroler
tw.com.daxia.virtualsoftkeys
tw.qtlin.mac.airunlocker
tyagi.shubham.customsearch
ua.bossly.tools.translit
ua.com.radiokot.lnaddr2invoice
ua.com.radiokot.photoprism
ua.gardenapple.itchupdater
ua.gardenapple.trylbry
ua.syt0r.kanji.fdroid
uk.ac.cam.cl.dtg.android.barcodebox
uk.ac.ed.inf.mandelbrotmaps
uk.ac.swansea.eduroamcat
uk.co.ashtonbrsc.android.intentintercept
uk.co.bitethebullet.android.token
uk.co.busydoingnothing.anagrams
uk.co.busydoingnothing.catverbs
uk.co.busydoingnothing.prevo
uk.co.danieljarvis.android.flashback
uk.co.jarofgreen.JustADamnCompass
uk.co.keepawayfromfire.screens
uk.co.richyhbm.monochromatic
uk.co.yahoo.p1rpp.calendartrigger
uk.co.yahoo.p1rpp.secondsclock
uk.openvk.android.legacy
uk.org.boddie.android.weatherforecast
uk.org.crimetalk
uk.org.ngo.squeezer
uk.sensoryunderload.infinilist
unisiegen.photographers.activity
universe.constellation.orion.viewer
uobikiemukot.yaft
urbanstew.RehearsalAssistant
us.achromaticmetaphor.agram
us.achromaticmetaphor.imcktg
us.bravender.android.dongsa
us.feras.mdv.demo
us.koller.cameraroll
us.lindanrandy.cidrcalculator
us.shandian.giga
us.spotco.carrion
us.spotco.extirpater
us.spotco.fennec_dos
us.spotco.ir_remote
us.spotco.malwarescanner
us.spotco.maps
us.spotco.motionlock
uscartools.USTravelConverter
ut.ewh.audiometrytest
v4lpt.vpt.f003.gdp
v4lpt.vpt.f005.rsd
v4lpt.vpt.f006.yxn
v4lpt.vpt.i018.vpc
v4lpt.vpt.pwg
vegabobo.dsusideloader
vnd.blueararat.kaleidoscope6
vocabletrainer.heinecke.aron.vocabletrainer
wb.receiptspro
website.leifs.delta.foss
wiseguys.radar
ws.xsoh.etar
wsdfhjxc.taponium
wseemann.media.romote
wtf.nbd.obw
wtf.technodisaster.tldr
x1125io.initdlight
x653.all_in_gold
x653.bullseye
xdsopl.robot36
xyz.adjutor.aniki
xyz.apiote.bimba.czwek
xyz.crucitti.friendalert
xyz.deepdaikon.quinb
xyz.deepdaikon.xeonjia
xyz.deepdaikon.zoysii
xyz.hisname.fireflyiii
xyz.iridiumion.plucklockex
xyz.malkki.neostumbler.fdroid
xyz.myachin.downloader
xyz.myachin.saveto
xyz.pisoj.og.nettools
xyz.yeikoff.librebible
xyz.zedler.patrick.doodle
xyz.zedler.patrick.grocy
yetzio.yetcalc
ymakei.vegetarian_journal
z4pp3r.flashlightwidget
za.co.lukestonehm.logicaldefence
za.co.neilson.alarm
zame.GloomyDungeons.opensource.game
zatrit.skinbread
zen.meditation.android